91 
91
12 91 
12
12 91 104 
12
0 12 91 104 
0
0 12 13 91 104 
0
0 12 13 13 91 104 
0
0 12 13 13 44 91 104 
0
0 12 13 13 44 55 91 104 
0
0 12 13 13 44 50 55 91 104 
0
0 12 13 13 44 50 55 91 104 151 
0
0 12 13 13 44 50 55 90 91 104 151 
0
0 12 13 13 44 50 55 90 91 104 151 171 
0
0 12 13 13 44 50 55 90 91 97 104 151 171 
0
0 12 13 13 44 50 55 70 90 91 97 104 151 171 
0
0 3 12 13 13 44 50 55 70 90 91 97 104 151 171 
0
0 3 12 13 13 44 50 55 70 90 91 97 104 151 167 171 
0
0 3 12 13 13 44 50 55 70 90 91 97 104 151 167 169 171 
0
0 3 12 13 13 44 50 55 70 90 91 97 104 151 167 169 171 173 
0
0 3 12 13 13 44 50 55 70 90 91 97 104 143 151 167 169 171 173 
0
0 3 12 13 13 44 50 55 70 90 91 97 98 104 143 151 167 169 171 173 
0
