94 
94 132 
34 94 132 
94 34 75 132 
34 75 61 132 94 
75 61 34 94 78 132 
34 61 53 78 132 94 75 
7
61 53 78 132 94 75 
6
53 61 75 78 94 122 132 
61 53 78 122 145 132 94 75 
8
61 53 78 145 132 122 75 
7
75 53 61 122 78 145 132 159 
53 61 75 78 122 132 145 159 159 
53 61 55 78 132 122 159 159 145 75 
10
53 61 55 78 132 122 159 159 75 
9
75 55 53 61 132 122 78 159 143 159 
75 55 53 61 132 81 78 122 159 143 159 
53 55 61 75 78 81 122 132 137 143 159 159 
132 75 55 53 61 81 78 122 87 159 143 137 159 
53 55 61 75 78 81 87 122 132 137 143 157 159 159 
53 61 55 78 87 122 99 81 75 137 157 143 159 159 132 
53 70 61 55 78 87 122 99 81 75 137 157 143 159 159 132 
16
53 70 61 55 78 87 122 99 81 75 137 157 143 159 159 132 
16
132 75 55 53 61 70 81 78 99 87 122 157 143 137 159 159 159 
