46 
34 46 
46 34 168 
3
46 34 168 
3
34 147 168 46 
34 147 168 157 46 
34 46 147 157 168 184 
157 46 34 147 117 168 184 
157 46 34 117 57 147 168 184 
34 46 113 147 117 57 184 168 157 
117 57 46 34 113 157 147 154 168 184 
34 56 46 113 57 154 147 184 168 157 117 
34 56 46 113 57 154 147 168 191 184 157 117 
12
34 56 46 113 57 154 147 191 184 157 117 
11
117 46 34 18 57 56 113 157 147 154 184 191 
18 34 56 113 57 46 154 147 172 191 184 157 117 
13
18 34 56 113 57 46 147 172 191 184 157 117 
12
117 46 34 18 57 56 113 184 157 147 172 191 197 
18 34 56 113 57 46 147 173 172 157 197 191 184 117 
18 34 56 95 113 57 46 147 173 172 157 197 191 184 117 
18 39 34 56 95 113 57 46 147 173 172 157 197 191 184 117 
18 39 34 56 85 113 95 57 46 147 173 172 157 197 191 184 117 
18 39 34 56 75 57 113 95 85 46 147 173 172 157 197 191 184 117 
