76 
137 76 
76 184 137 
137 76 81 184 
3 76 81 137 184 
