174 117 29 153 194 
29 117 153 174 194 
29 153 117 194 174 
29
