75 23 19 15 21 46 39 67 115 85 82 105 105 178 135 122 136 192 188 193 
15 19 21 23 39 46 67 75 82 85 105 105 115 122 135 136 178 188 192 193 
15 21 19 39 67 46 23 82 105 105 85 122 136 135 188 193 192 178 115 75 
122
