53 
53 
53 
53 77 
53 77 
77 53 
53 39 77 
39 53 77 
39 77 53 
53 39 18 77 
18 39 53 77 
18 39 77 53 
53 39 18 77 170 
18 39 53 77 170 
18 39 170 77 53 
