167 111 90 144 199 
90 111 144 167 199 
90 144 111 199 167 
144
