120 73 10 9 31 27 55 83 82 90 88 108 166 145 135 158 189 188 177 197 
9 10 27 31 55 73 82 83 88 90 108 120 135 145 158 166 177 188 189 197 
9 27 55 31 10 82 88 108 90 83 73 135 158 145 177 188 197 189 166 120 
135
