175 
33 175 
33 175 65 
33 122 175 65 
4
33 175 122 
3
33 162 175 122 
4
33 162 175 122 
4
