40 18 13 34 169 
13 18 34 40 169 
13 34 18 169 40 
34
