5 3 2 1 4 7 6 
1 2 3 4 5 6 7 
1 2 4 3 6 7 5 
5 3 1 0 2 4 7 6 
0 1 2 3 4 5 6 7 
0 2 1 4 3 6 7 5 
