67 
67 
67 
67 85 
67 85 
85 67 
85 67 107 
67 85 107 
67 107 85 
85 67 28 107 
28 67 85 107 
28 67 107 85 
85 67 28 107 176 
28 67 85 107 176 
28 67 176 107 85 
