92 
92
83 92 
92
83 92 186 
186
74 83 92 186 
186
74 78 83 92 186 
186
74 78 83 92 169 186 
186
4 74 78 83 92 169 186 
186
4 74 78 83 92 169 169 186 
186
4 74 78 83 90 92 169 169 186 
186
4 74 78 83 86 90 92 169 169 186 
186
4 74 78 83 86 90 92 167 169 169 186 
186
4 74 78 83 86 86 90 92 167 169 169 186 
186
4 74 78 83 86 86 90 92 151 167 169 169 186 
186
4 5 74 78 83 86 86 90 92 151 167 169 169 186 
186
4 5 74 78 83 86 86 90 92 125 151 167 169 169 186 
186
4 5 74 78 83 86 86 90 92 125 151 167 169 169 186 199 
199
4 5 74 78 79 83 86 86 90 92 125 151 167 169 169 186 199 
199
4 5 74 78 79 83 86 86 90 92 94 125 151 167 169 169 186 199 
199
4 5 74 78 79 83 86 86 90 92 94 98 125 151 167 169 169 186 199 
199
4 5 74 78 79 83 86 86 90 92 94 98 125 151 162 167 169 169 186 199 
199
