143 
143
143 150 
150
143 150 187 
187
46 143 150 187 
187
46 117 143 150 187 
187
46 46 117 143 150 187 
187
46 46 81 117 143 150 187 
187
46 46 81 117 143 150 187 192 
192
46 46 81 117 143 150 163 187 192 
192
46 46 81 117 143 147 150 163 187 192 
192
46 46 81 117 127 143 147 150 163 187 192 
192
46 46 81 117 127 128 143 147 150 163 187 192 
192
46 46 81 117 127 128 130 143 147 150 163 187 192 
192
46 46 81 117 127 128 130 143 147 150 163 187 192 199 
199
46 46 66 81 117 127 128 130 143 147 150 163 187 192 199 
199
46 46 66 81 117 127 128 130 132 143 147 150 163 187 192 199 
199
46 46 66 81 117 127 128 130 132 136 143 147 150 163 187 192 199 
199
46 46 66 72 81 117 127 128 130 132 136 143 147 150 163 187 192 199 
199
41 46 46 66 72 81 117 127 128 130 132 136 143 147 150 163 187 192 199 
199
2 41 46 46 66 72 81 117 127 128 130 132 136 143 147 150 163 187 192 199 
199
