73 
106 73 
106 73 145 
73 102 106 145 
51 102 73 145 106 
102 73 51 91 106 145 
51 91 73 106 161 145 102 
51 73 91 102 106 145 161 186 
102 73 51 91 145 106 161 156 186 
51 91 73 145 106 156 186 161 145 102 
51 91 73 106 145 133 156 186 161 145 102 
51 75 91 73 106 145 133 156 186 161 145 102 
51 75 91 73 124 106 145 133 156 186 161 145 102 
51 75 91 73 106 132 124 145 133 156 186 161 145 102 
16 51 75 91 73 106 132 124 145 133 156 186 161 145 102 
15
16 51 75 91 73 132 124 145 133 156 186 161 145 102 
14
102 73 51 16 86 75 91 145 133 124 132 145 161 156 186 
16 51 73 75 86 91 102 120 124 132 133 145 145 156 161 186 
16 51 75 91 86 73 120 132 124 145 133 156 189 186 161 145 102 
102 73 51 16 86 75 91 145 133 124 120 132 145 161 156 186 172 189 
102 73 51 16 86 75 91 145 124 120 114 133 132 145 161 156 186 172 189 
19
102 73 51 16 86 75 91 145 124 120 114 133 132 145 161 156 186 172 189 
19
