165 
165 61 
163 61 165 
61 131 163 165 
61 131 117 165 163 
117 61 116 163 131 165 
61 116 117 131 163 165 178 
17 61 116 117 131 163 165 178 
8
17 61 116 117 131 163 165 178 
8
117 61 17 116 163 131 176 165 178 
9
117 61 17 116 163 131 176 165 
8
17 61 116 117 131 163 165 176 191 
117 61 17 40 116 163 131 176 165 191 
17 40 61 92 116 117 131 163 165 176 191 
117 61 40 17 49 116 92 163 131 176 165 191 
117 61 40 17 49 113 92 116 163 131 176 165 191 
17 40 49 61 92 113 116 117 131 137 163 165 176 191 
17 49 40 92 116 113 61 127 137 131 165 191 176 163 117 
15
17 49 40 92 116 113 61 127 137 131 165 191 176 163 117 
15
17 49 40 92 116 113 61 127 150 137 131 165 191 176 163 117 
17 18 40 49 61 92 113 116 117 127 131 137 150 163 165 176 191 
18 17 49 40 92 116 113 61 127 150 137 131 165 195 191 176 163 117 
18
18 17 49 40 92 116 113 61 127 150 137 131 176 195 191 163 117 
17
117 61 40 17 18 49 113 92 108 116 163 131 127 137 150 191 176 195 
