152 72 52 42 16 65 130 96 111 135 139 190 169 154 175 190 194 191 199 198 
16 42 52 65 72 96 111 130 135 139 152 154 169 175 190 190 191 194 198 199 
16 42 65 52 111 96 139 135 130 72 154 190 175 169 191 198 199 194 190 152 
152
