45 
45 77 
45 77 129 
40 45 77 129 
40 45 77 129 171 
40 45 54 77 129 171 
40 45 54 77 129 137 171 
40 45 54 77 129 137 171 176 
40 45 54 77 129 137 171 176 197 
40 45 54 73 77 129 137 171 176 197 
40 45 54 73 77 129 137 171 175 176 197 
23 40 45 54 73 77 129 137 171 175 176 197 
23 40 45 54 73 77 119 129 137 171 175 176 197 
23 40 45 54 73 77 119 129 137 137 171 175 176 197 
23 24 40 45 54 73 77 119 129 137 137 171 175 176 197 
23 24 40 45 54 73 77 119 129 137 137 171 175 176 177 197 
23 24 40 45 54 73 77 119 129 137 137 161 171 175 176 177 197 
23 24 40 45 54 73 77 119 129 137 137 156 161 171 175 176 177 197 
23 24 40 45 54 73 77 119 128 129 137 137 156 161 171 175 176 177 197 
23 24 40 45 54 73 77 119 128 129 131 137 137 156 161 171 175 176 177 197 
