57 
57 175 
39 57 175 
34 39 57 175 
34 39 57 175 193 
