84 
73 84 
73 84 143 
7 73 84 143 
7 73 84 138 143 
