106 
71 106 
21 71 106 
0 21 71 106 
0 21 71 106 139 
0 15 21 71 106 139 
0 15 21 70 71 106 139 
0 15 21 70 71 106 126 139 
0 15 21 70 71 106 126 139 146 
0 7 15 21 70 71 106 126 139 146 
0 7 15 21 70 71 106 126 139 146 172 
0 7 15 21 70 71 106 126 139 143 146 172 
0 7 15 21 70 71 106 111 126 139 143 146 172 
0 7 15 21 70 71 106 111 114 126 139 143 146 172 
0 7 15 21 69 70 71 106 111 114 126 139 143 146 172 
0 7 15 21 58 69 70 71 106 111 114 126 139 143 146 172 
0 7 15 21 58 69 70 71 106 111 114 126 139 143 146 156 172 
0 7 15 21 49 58 69 70 71 106 111 114 126 139 143 146 156 172 
0 7 15 21 49 58 69 70 71 106 111 114 126 139 143 146 154 156 172 
0 2 7 15 21 49 58 69 70 71 106 111 114 126 139 143 146 154 156 172 
