18 
18 53 
18 29 53 
18 22 29 53 
18 22 29 53 63 
