160 
78 160 
66 78 160 
66 78 160 167 
66 78 160 167 196 
