161 
100 161 
100 105 161 
100 105 115 161 
100 105 113 115 161 
67 100 105 113 115 161 
67 100 105 113 115 161 199 
36 67 100 105 113 115 161 199 
21 36 67 100 105 113 115 161 199 
7 21 36 67 100 105 113 115 161 199 
4 7 21 36 67 100 105 113 115 161 199 
4 7 16 21 36 67 100 105 113 115 161 199 
4 7 16 21 36 57 67 100 105 113 115 161 199 
4 7 16 21 36 57 67 100 105 113 115 161 173 199 
4 7 16 17 21 36 57 67 100 105 113 115 161 173 199 
4 7 16 17 21 36 57 67 100 105 113 115 161 173 178 199 
4 7 16 17 21 36 57 67 100 105 113 115 161 173 178 190 199 
4 7 16 17 21 36 57 67 100 105 113 115 161 172 173 178 190 199 
4 7 16 17 21 36 57 67 100 105 113 115 119 161 172 173 178 190 199 
4 7 16 17 21 36 51 57 67 100 105 113 115 119 161 172 173 178 190 199 
Not found
