132 
58 132 
58 91 132 
57 58 91 132 
4 57 58 91 132 
Not found
