88 
88 109 
88 109 118 
88 109 118 143 
88 98 109 118 143 
88 98 109 118 143 149 
88 98 109 118 143 149 158 
88 98 109 109 118 143 149 158 
28 88 98 109 109 118 143 149 158 
28 88 96 98 109 109 118 143 149 158 
28 34 88 96 98 109 109 118 143 149 158 
28 34 86 88 96 98 109 109 118 143 149 158 
28 34 86 88 96 98 109 109 118 136 143 149 158 
20 28 34 86 88 96 98 109 109 118 136 143 149 158 
20 28 34 86 88 96 98 109 109 118 136 143 149 153 158 
20 28 34 86 88 96 98 109 109 118 131 136 143 149 153 158 
20 28 34 86 88 96 98 109 109 118 127 131 136 143 149 153 158 
20 28 34 86 88 96 98 109 109 118 119 127 131 136 143 149 153 158 
20 28 34 86 88 96 98 109 109 118 119 127 131 136 143 149 153 158 166 
20 28 34 86 88 96 98 109 109 118 119 127 131 136 139 143 149 153 158 166 
20
