59 
11 59 
11 32 59 
11 32 59 68 
11 32 59 68 179 
