140 
140 190 
140 190 190 
75 140 190 190 
51 75 140 190 190 
51 75 140 188 190 190 
51 75 120 140 188 190 190 
51 75 92 120 140 188 190 190 
51 75 92 120 124 140 188 190 190 
51 75 92 120 124 140 168 188 190 190 
47 51 75 92 120 124 140 168 188 190 190 
47 51 60 75 92 120 124 140 168 188 190 190 
47 51 60 75 92 120 124 140 168 188 189 190 190 
47 51 60 75 92 120 124 140 155 168 188 189 190 190 
47 51 60 60 75 92 120 124 140 155 168 188 189 190 190 
47 51 60 60 75 92 120 124 140 155 160 168 188 189 190 190 
47 51 60 60 75 85 92 120 124 140 155 160 168 188 189 190 190 
47 51 60 60 75 85 92 120 124 140 155 160 168 178 188 189 190 190 
47 51 60 60 75 85 92 120 124 138 140 155 160 168 178 188 189 190 190 
42 47 51 60 60 75 85 92 120 124 138 140 155 160 168 178 188 189 190 190 
