34 
34 44 
4 34 44 
4 13 34 44 
4 13 34 44 126 
4 13 34 44 126 170 
4 13 34 44 82 126 170 
4 13 34 44 82 84 126 170 
4 13 34 44 82 84 126 130 170 
4 13 34 44 82 84 104 126 130 170 
4 13 34 44 82 84 104 126 130 170 185 
4 13 34 44 60 82 84 104 126 130 170 185 
4 13 34 44 60 82 84 99 104 126 130 170 185 
4 13 34 44 56 60 82 84 99 104 126 130 170 185 
4 13 34 44 56 60 82 84 99 104 126 127 130 170 185 
4 13 34 44 56 60 82 84 99 104 126 127 130 168 170 185 
4 13 34 44 56 60 82 84 99 104 126 127 130 168 170 184 185 
4 13 34 44 56 60 82 84 91 99 104 126 127 130 168 170 184 185 
4 13 34 44 56 60 82 84 91 99 104 118 126 127 130 168 170 184 185 
4 13 34 44 56 60 82 84 91 99 104 118 126 127 130 142 168 170 184 185 
Not found
