48 
48 54 
48 54 84 
48 54 84 178 
48 54 84 178 198 
Not found
