145 
76 145 
76 79 145 
76 79 145 187 
58 76 79 145 187 
44 58 76 79 145 187 
44 58 76 79 134 145 187 
44 58 76 79 80 134 145 187 
44 58 76 79 80 113 134 145 187 
44 58 76 79 80 113 118 134 145 187 
44 58 76 79 80 113 118 118 134 145 187 
44 58 76 79 80 113 118 118 134 145 176 187 
44 58 76 79 80 104 113 118 118 134 145 176 187 
38 44 58 76 79 80 104 113 118 118 134 145 176 187 
38 38 44 58 76 79 80 104 113 118 118 134 145 176 187 
16 38 38 44 58 76 79 80 104 113 118 118 134 145 176 187 
16 38 38 39 44 58 76 79 80 104 113 118 118 134 145 176 187 
16 38 38 39 44 58 61 76 79 80 104 113 118 118 134 145 176 187 
16 38 38 39 44 58 61 76 79 80 93 104 113 118 118 134 145 176 187 
16 38 38 39 44 58 61 76 79 80 93 104 113 118 118 134 145 176 184 187 
Not found
