167 
86 167 
86 140 167 
86 91 140 167 
60 86 91 140 167 
Not found
