95 
34 95 
34 61 95 
34 34 61 95 
34 34 61 95 106 
8 34 34 61 95 106 
8 34 34 61 95 106 170 
8 34 34 61 95 106 163 170 
8 23 34 34 61 95 106 163 170 
8 23 34 34 61 95 106 149 163 170 
8 23 34 34 61 95 106 149 163 170 183 
8 23 34 34 56 61 95 106 149 163 170 183 
8 23 34 34 56 61 92 95 106 149 163 170 183 
8 23 34 34 56 61 92 95 106 149 162 163 170 183 
8 23 34 34 56 61 64 92 95 106 149 162 163 170 183 
8 23 34 34 56 61 64 92 95 106 119 149 162 163 170 183 
8 23 34 34 56 61 64 92 95 106 119 138 149 162 163 170 183 
8 23 34 34 56 61 64 92 95 106 119 126 138 149 162 163 170 183 
8 23 34 34 56 61 64 92 95 106 119 126 138 149 162 163 163 170 183 
8 19 23 34 34 56 61 64 92 95 106 119 126 138 149 162 163 163 170 183 
Not found
