4 
4
4 123 
4
4 16 123 
4
4 16 72 123 
4
4 16 72 115 123 
4
4 16 69 72 115 123 
4
4 16 28 69 72 115 123 
4
4 16 28 69 72 115 123 155 
4
4 16 28 69 72 115 123 145 155 
4
4 16 17 28 69 72 115 123 145 155 
4
4 16 17 28 69 72 98 115 123 145 155 
4
4 16 17 28 57 69 72 98 115 123 145 155 
4
4 16 17 28 57 69 72 96 98 115 123 145 155 
4
4 16 17 28 57 69 72 96 98 115 123 145 155 161 
4
4 16 16 17 28 57 69 72 96 98 115 123 145 155 161 
4
4 16 16 17 28 57 69 72 96 98 105 115 123 145 155 161 
4
4 16 16 17 28 47 57 69 72 96 98 105 115 123 145 155 161 
4
4 16 16 17 28 47 57 69 72 84 96 98 105 115 123 145 155 161 
4
4 16 16 17 28 47 57 69 72 84 96 98 105 115 123 145 155 155 161 
4
4 16 16 17 28 47 57 69 72 84 96 98 105 115 123 145 155 155 161 192 
4
