168 
168 192 
186 168 192 
186 168 106 192 
186 106 76 168 192 
