128 
4 128 
4 146 128 
109 4 146 128 
4
109 146 128 
3
28 109 146 128 
