8 4 2 1 3 6 5 7 12 10 9 11 14 13 15 
1 2 3 4 5 6 7 8 9 10 11 12 13 14 15 
1 3 2 5 7 6 4 9 11 10 13 15 14 12 8 
8 4 2 1 3 6 5 7 13 10 9 11 14 15 
1 2 3 4 5 6 7 8 9 10 11 13 14 15 
1 3 2 5 7 6 4 9 11 10 15 14 13 8 
8 4 2 1 3 6 5 7 13 10 11 14 15 
1 2 3 4 5 6 7 8 10 11 13 14 15 
1 3 2 5 7 6 4 11 10 15 14 13 8 
8 4 2 1 3 6 5 7 13 10 11 14 
1 2 3 4 5 6 7 8 10 11 13 14 
1 3 2 5 7 6 4 11 10 14 13 8 
8 4 2 1 3 6 5 7 11 10 14 
1 2 3 4 5 6 7 8 10 11 14 
1 3 2 5 7 6 4 10 14 11 8 
8 4 2 1 3 6 5 7 14 10 
1 2 3 4 5 6 7 8 10 14 
1 3 2 5 7 6 4 10 14 8 
6 4 2 1 3 5 8 7 10 
1 2 3 4 5 6 7 8 10 
1 3 2 5 4 7 10 8 6 
