71 
71 
71 
71 157 
71 157 
157 71 
2
134 71 157 
71 134 157 
71 157 134 
134 71 7 157 
7 71 134 157 
7 71 157 134 
4
134 7 3 71 157 
3 7 71 134 157 
3 71 7 157 134 
