130 
130
130 178 
178
130 178 196 
196
130 140 178 196 
196
6 130 140 178 196 
196
