85 31 43 110 93 
31 43 85 93 110 
43 31 93 110 85 
110
