136 
136 
136 
136 173 
136 173 
173 136 
136 18 173 
18 136 173 
18 173 136 
136 18 72 173 
18 72 136 173 
72 18 173 136 
4
136 58 18 72 173 
18 58 72 136 173 
18 72 58 173 136 
