10 7 4 3 5 8 18 15 25 21 
3 4 5 7 8 10 15 18 21 25 
3 5 4 8 7 15 21 25 18 10 
10 5 4 3 7 6 8 18 15 25 21 
3 4 5 6 7 8 10 15 18 21 25 
3 4 6 8 7 5 15 21 25 18 10 
