144 15 7 87 168 
7 15 87 144 168 
7 87 15 168 144 
7
