97 
97 
97 
97 47 
47 97 
47 97 
97 47 190 
47 97 190 
47 190 97 
97 47 190 173 
47 97 173 190 
47 173 190 97 
97 47 173 140 190 
47 97 140 173 190 
47 140 190 173 97 
