109 
109
109 197 
109
42 109 197 
42
42 109 143 197 
42
42 109 143 173 197 
42
