165 
165 22 
165 22 196 
107 22 196 165 
22 107 79 196 165 
5
22 107 79 196 165 
5
22 79 107 165 194 196 
22 79 107 165 189 194 196 
7
22 107 165 189 194 196 
6
22 107 131 165 189 194 196 
44 22 131 107 189 196 194 165 
44 22 124 131 107 189 196 194 165 
22 44 29 124 131 107 189 196 194 165 
165 107 29 22 44 131 124 165 194 189 196 
4 22 44 29 124 165 131 189 196 194 165 107 
4 22 29 44 107 124 131 165 165 188 189 194 196 
13
4 22 29 44 107 124 131 165 165 188 189 194 196 
13
107 29 22 4 44 105 165 131 124 165 194 189 188 196 
4 22 44 105 79 29 124 165 131 188 189 196 194 165 107 
4 22 29 44 61 79 105 107 124 131 165 165 188 189 194 196 
4 29 22 61 44 105 79 29 124 165 131 188 189 196 194 165 107 
107 29 22 4 29 79 44 61 105 165 131 124 165 194 189 188 196 199 
4 29 22 44 61 58 105 79 29 124 165 131 188 189 199 196 194 165 107 
