17 9 3 34 23 42 37 55 
3 9 17 23 34 37 42 55 
3 9 23 37 55 42 34 17 
17 9 3 42 34 23 37 55 75 
3 9 17 23 34 37 42 55 75 
3 9 23 37 34 75 55 42 17 
34 17 9 3 23 42 37 40 55 75 
3 9 17 23 34 37 40 42 55 75 
3 9 23 17 40 37 75 55 42 34 
