6 
6 123 
6 123 105 
6 96 105 123 
6 96 96 123 105 
